
> @figma-clone/client@1.0.0 build
> next build

   ▲ Next.js 15.5.22

   Creating an optimized production build ...
 ✓ Compiled successfully in 14.6s
   Skipping validation of types
   Skipping linting
   Collecting page data ...
   Generating static pages (0/6) ...
   Generating static pages (1/6) 
   Generating static pages (2/6) 
   Generating static pages (4/6) 
 ✓ Generating static pages (6/6)
   Finalizing page optimization ...
   Collecting build traces ...

Route (app)                                 Size  First Load JS
┌ ○ /                                    1.28 kB         104 kB
├ ○ /_not-found                            989 B         104 kB
├ ƒ /api/health                            129 B         103 kB
├ ƒ /api/projects                          129 B         103 kB
└ ƒ /api/projects/[id]                     129 B         103 kB
+ First Load JS shared by all             103 kB
  ├ chunks/18-6904d02802e458a1.js        46.3 kB
  ├ chunks/87c73c54-24122e7b92478d00.js  54.2 kB
  └ other shared chunks (total)          2.03 kB


○  (Static)   prerendered as static content
ƒ  (Dynamic)  server-rendered on demand

